Renesas Optimizing Linker (V3.05.00 )             22-Dec-2023 12:26:28

*** Options ***

-MAKEUD=DefaultBuild\24Mhz clock.lk.ud
-subcommand=DefaultBuild\24Mhz clock.clnk
-Input=DefaultBuild\cstart.obj
-Input=DefaultBuild\stkinit.obj
-Input=DefaultBuild\r_cg_main.obj
-Input=DefaultBuild\r_cg_systeminit.obj
-Input=DefaultBuild\r_cg_cgc.obj
-Input=DefaultBuild\r_cg_cgc_user.obj
-Input=DefaultBuild\r_cg_wdt.obj
-Input=DefaultBuild\r_cg_wdt_user.obj
-Input=DefaultBuild\r_cg_iica.obj
-Input=DefaultBuild\r_cg_iica_user.obj
-Input=DefaultBuild\r_cg_it8bit.obj
-Input=DefaultBuild\r_cg_it8bit_user.obj
-SECURITY_ID=00000000000000000000
-DEVICE=C:\Program Files (x86)\Renesas Electronics\CS+\CC\Device\RL78\Devicefile\DR5F11TLG.DVF
-DEBug
-NOCOmpress
-NOOPtimize
-OUtput=DefaultBuild\24Mhz clock.abs
-LIBrary=C:\Program Files (x86)\Renesas Electronics\CS+\CC\CC-RL\V1.12.01\lib\rl78em4s.lib
-LIBrary=C:\Program Files (x86)\Renesas Electronics\CS+\CC\CC-RL\V1.12.01\lib\malloc_n.lib
-LIBrary=C:\Program Files (x86)\Renesas Electronics\CS+\CC\CC-RL\V1.12.01\lib\rl78em4r.lib
-OCDBG=04
-USER_OPT_BYTE=FFFFA2
-LISt=DefaultBuild\24Mhz clock.map
-STARt=.const,.text,.RLIB,.SLIB,.textf,.constf,.data,.sdata/02000,.dataR,.bss/FDF00,.sdataR,.sbss/FFE20
-ROm=.data=.dataR
-ROm=.sdata=.sdataR
-NOMessage
-MEMory=High
-NOLOgo
-end

*** Error information ***

*** Mapping List ***

SECTION                            START      END         SIZE   ALIGN
.vect
                                  00000000  0000007f        80   0
.option_byte
                                  000000c0  000000c3         4   1
.security_id
                                  000000c4  000000cd         a   1
.const
                                  00002000  00002000         0   2
.text
                                  00002000  00002082        83   1
.RLIB
                                  00002083  00002083         0   1
.SLIB
                                  00002083  00002083         0   1
.textf
                                  00002083  000023d1       34f   1
.constf
                                  000023d2  000023d2         0   2
.data
                                  000023d2  000023d2         0   2
.sdata
                                  000023d2  000023d2         0   2
.dataR
                                  000fdf00  000fdf00         0   2
.bss
                                  000fdf00  000fdf11        12   2
.sdataR
                                  000ffe20  000ffe20         0   2
.sbss
                                  000ffe20  000ffe20         0   2
